********************************************************************************
ui_args: ()
ui_kwargs: {'x': {'var': 'x', 'min_range': -25, 'type': 'slider', 'max_range': 25}}
IS THREAD RUNNING:  None
FUNCTION: square
SENDING:  {'uuid': 'f2b8484d-7196-4d27-90b4-df4ee7af06ac', 'ui_args': {'x': {'var': 'x', 'min_range': -25, 'type': 'slider', 'max_range': 25}}, 'parameters': [('x', <Parameter "x:float">)], 'documentation': '\n    takes a floating point input, returns the square of that input\n    ', 'name': 'square'} AS:  b'\x80\x04\x95w\x01\x00\x00\x00\x00\x00\x00}\x94(\x8c\x04uuid\x94\x8c$f2b8484d-7196-4d27-90b4-df4ee7af06ac\x94\x8c\x07ui_args\x94}\x94\x8c\x01x\x94}\x94(\x8c\x03var\x94h\x05\x8c\tmin_range\x94J\xe7\xff\xff\xff\x8c\x04type\x94\x8c\x06slider\x94\x8c\tmax_range\x94K\x19us\x8c\nparameters\x94]\x94h\x05\x8c\x07inspect\x94\x8c\tParameter\x94\x93\x94h\x05h\x0e\x8c\x0e_ParameterKind\x94\x93\x94K\x01\x85\x94R\x94\x86\x94R\x94}\x94(\x8c\x08_default\x94h\x0e\x8c\x06_empty\x94\x93\x94\x8c\x0b_annotation\x94\x8c\x08builtins\x94\x8c\x05float\x94\x93\x94ub\x86\x94a\x8c\rdocumentation\x94\x8cH\n    takes a floating point input, returns the square of that input\n    \x94\x8c\x04name\x94\x8c\x06square\x94u.'
{'PORT': 35557, 'status': 'SUCCESS'}
starting server thread on port 35557
{'square': {'data': {'uuid': 'f2b8484d-7196-4d27-90b4-df4ee7af06ac', 'name': 'square', 'ui_args': {'x': {'var': 'x', 'min_range': -25, 'type': 'slider', 'max_range': 25}}, 'documentation': '\n    takes a floating point input, returns the square of that input\n    ', 'parameters': [('x', <Parameter "x:float">)]}, 'func': <function square at 0x1037641e0>}}
********************************************************************************
ui_args: ()
ui_kwargs: {}
IS THREAD RUNNING:  <Thread(Thread-1, started 4367323136)>
FUNCTION: no_args
SENDING:  {'uuid': 'f2b8484d-7196-4d27-90b4-df4ee7af06ac', 'ui_args': {}, 'parameters': [], 'documentation': '\n    A functiont that returns some kind of string\n    ', 'name': 'no_args'} AS:  b'\x80\x04\x95\xa8\x00\x00\x00\x00\x00\x00\x00}\x94(\x8c\x04uuid\x94\x8c$f2b8484d-7196-4d27-90b4-df4ee7af06ac\x94\x8c\x07ui_args\x94}\x94\x8c\nparameters\x94]\x94\x8c\rdocumentation\x94\x8c6\n    A functiont that returns some kind of string\n    \x94\x8c\x04name\x94\x8c\x07no_args\x94u.'
{'PORT': 35557, 'status': 'SUCCESS'}
{'no_args': {'data': {'uuid': 'f2b8484d-7196-4d27-90b4-df4ee7af06ac', 'name': 'no_args', 'ui_args': {}, 'documentation': '\n    A functiont that returns some kind of string\n    ', 'parameters': []}, 'func': <function no_args at 0x10454e048>}, 'square': {'data': {'uuid': 'f2b8484d-7196-4d27-90b4-df4ee7af06ac', 'name': 'square', 'ui_args': {'x': {'var': 'x', 'min_range': -25, 'type': 'slider', 'max_range': 25}}, 'documentation': '\n    takes a floating point input, returns the square of that input\n    ', 'parameters': [('x', <Parameter "x:float">)]}, 'func': <function square at 0x1037641e0>}}
********************************************************************************
ui_args: ()
ui_kwargs: {}
IS THREAD RUNNING:  <Thread(Thread-1, started 4367323136)>
FUNCTION: str_args
SENDING:  {'uuid': 'f2b8484d-7196-4d27-90b4-df4ee7af06ac', 'ui_args': {}, 'parameters': [('mystr', <Parameter "mystr:str">), ('myint', <Parameter "myint:int">)], 'documentation': '\n    A function which puts an int and a string into a string\n    ', 'name': 'str_args'} AS:  b'\x80\x04\x95`\x01\x00\x00\x00\x00\x00\x00}\x94(\x8c\x04uuid\x94\x8c$f2b8484d-7196-4d27-90b4-df4ee7af06ac\x94\x8c\x07ui_args\x94}\x94\x8c\nparameters\x94]\x94(\x8c\x05mystr\x94\x8c\x07inspect\x94\x8c\tParameter\x94\x93\x94h\x07h\x08\x8c\x0e_ParameterKind\x94\x93\x94K\x01\x85\x94R\x94\x86\x94R\x94}\x94(\x8c\x08_default\x94h\x08\x8c\x06_empty\x94\x93\x94\x8c\x0b_annotation\x94\x8c\x08builtins\x94\x8c\x03str\x94\x93\x94ub\x86\x94\x8c\x05myint\x94h\nh\x1ah\x0e\x86\x94R\x94}\x94(h\x12h\x14h\x15h\x16\x8c\x03int\x94\x93\x94ub\x86\x94e\x8c\rdocumentation\x94\x8cA\n    A function which puts an int and a string into a string\n    \x94\x8c\x04name\x94\x8c\x08str_args\x94u.'
{'PORT': 35557, 'status': 'SUCCESS'}
{'no_args': {'data': {'uuid': 'f2b8484d-7196-4d27-90b4-df4ee7af06ac', 'name': 'no_args', 'ui_args': {}, 'documentation': '\n    A functiont that returns some kind of string\n    ', 'parameters': []}, 'func': <function no_args at 0x10454e048>}, 'str_args': {'data': {'uuid': 'f2b8484d-7196-4d27-90b4-df4ee7af06ac', 'name': 'str_args', 'ui_args': {}, 'documentation': '\n    A function which puts an int and a string into a string\n    ', 'parameters': [('mystr', <Parameter "mystr:str">), ('myint', <Parameter "myint:int">)]}, 'func': <function str_args at 0x10454e1e0>}, 'square': {'data': {'uuid': 'f2b8484d-7196-4d27-90b4-df4ee7af06ac', 'name': 'square', 'ui_args': {'x': {'var': 'x', 'min_range': -25, 'type': 'slider', 'max_range': 25}}, 'documentation': '\n    takes a floating point input, returns the square of that input\n    ', 'parameters': [('x', <Parameter "x:float">)]}, 'func': <function square at 0x1037641e0>}}
********************************************************************************
ui_args: ()
ui_kwargs: {}
IS THREAD RUNNING:  <Thread(Thread-1, started 4367323136)>
FUNCTION: args_notype
SENDING:  {'uuid': 'f2b8484d-7196-4d27-90b4-df4ee7af06ac', 'ui_args': {}, 'parameters': [('arg1', <Parameter "arg1">), ('arg2', <Parameter "arg2">), ('arg3', <Parameter "arg3">)], 'documentation': '\n    A function which takes three arguments, but type is not specified.\n\n    args 1 and 2 should be integers, which are added, arg3 is a string \n    ', 'name': 'args_notype'} AS:  b'\x80\x04\x95\xbc\x01\x00\x00\x00\x00\x00\x00}\x94(\x8c\x04uuid\x94\x8c$f2b8484d-7196-4d27-90b4-df4ee7af06ac\x94\x8c\x07ui_args\x94}\x94\x8c\nparameters\x94]\x94(\x8c\x04arg1\x94\x8c\x07inspect\x94\x8c\tParameter\x94\x93\x94h\x07h\x08\x8c\x0e_ParameterKind\x94\x93\x94K\x01\x85\x94R\x94\x86\x94R\x94}\x94(\x8c\x08_default\x94h\x08\x8c\x06_empty\x94\x93\x94\x8c\x0b_annotation\x94h\x14ub\x86\x94\x8c\x04arg2\x94h\nh\x17h\x0e\x86\x94R\x94}\x94(h\x12h\x14h\x15h\x14ub\x86\x94\x8c\x04arg3\x94h\nh\x1ch\x0e\x86\x94R\x94}\x94(h\x12h\x14h\x15h\x14ub\x86\x94e\x8c\rdocumentation\x94\x8c\x95\n    A function which takes three arguments, but type is not specified.\n\n    args 1 and 2 should be integers, which are added, arg3 is a string \n    \x94\x8c\x04name\x94\x8c\x0bargs_notype\x94u.'
{'PORT': 35557, 'status': 'SUCCESS'}
{'no_args': {'data': {'uuid': 'f2b8484d-7196-4d27-90b4-df4ee7af06ac', 'name': 'no_args', 'ui_args': {}, 'documentation': '\n    A functiont that returns some kind of string\n    ', 'parameters': []}, 'func': <function no_args at 0x10454e048>}, 'str_args': {'data': {'uuid': 'f2b8484d-7196-4d27-90b4-df4ee7af06ac', 'name': 'str_args', 'ui_args': {}, 'documentation': '\n    A function which puts an int and a string into a string\n    ', 'parameters': [('mystr', <Parameter "mystr:str">), ('myint', <Parameter "myint:int">)]}, 'func': <function str_args at 0x10454e1e0>}, 'square': {'data': {'uuid': 'f2b8484d-7196-4d27-90b4-df4ee7af06ac', 'name': 'square', 'ui_args': {'x': {'var': 'x', 'min_range': -25, 'type': 'slider', 'max_range': 25}}, 'documentation': '\n    takes a floating point input, returns the square of that input\n    ', 'parameters': [('x', <Parameter "x:float">)]}, 'func': <function square at 0x1037641e0>}, 'args_notype': {'data': {'uuid': 'f2b8484d-7196-4d27-90b4-df4ee7af06ac', 'name': 'args_notype', 'ui_args': {}, 'documentation': '\n    A function which takes three arguments, but type is not specified.\n\n    args 1 and 2 should be integers, which are added, arg3 is a string \n    ', 'parameters': [('arg1', <Parameter "arg1">), ('arg2', <Parameter "arg2">), ('arg3', <Parameter "arg3">)]}, 'func': <function args_notype at 0x10454e378>}}
********************************************************************************
ui_args: ()
ui_kwargs: {}
IS THREAD RUNNING:  <Thread(Thread-1, started 4367323136)>
FUNCTION: args_notype_clone
SENDING:  {'uuid': 'f2b8484d-7196-4d27-90b4-df4ee7af06ac', 'ui_args': {}, 'parameters': [('arg1', <Parameter "arg1">), ('arg2', <Parameter "arg2">), ('arg3', <Parameter "arg3">)], 'documentation': '\n    A function which takes three arguments, but type is not specified.\n\n    args 1 and 2 should be integers, which are added, arg3 is a string \n\n    A clone of args_notype but returns json string.\n    ', 'name': 'args_notype_clone'} AS:  b'\x80\x04\x95\xf7\x01\x00\x00\x00\x00\x00\x00}\x94(\x8c\x04uuid\x94\x8c$f2b8484d-7196-4d27-90b4-df4ee7af06ac\x94\x8c\x07ui_args\x94}\x94\x8c\nparameters\x94]\x94(\x8c\x04arg1\x94\x8c\x07inspect\x94\x8c\tParameter\x94\x93\x94h\x07h\x08\x8c\x0e_ParameterKind\x94\x93\x94K\x01\x85\x94R\x94\x86\x94R\x94}\x94(\x8c\x08_default\x94h\x08\x8c\x06_empty\x94\x93\x94\x8c\x0b_annotation\x94h\x14ub\x86\x94\x8c\x04arg2\x94h\nh\x17h\x0e\x86\x94R\x94}\x94(h\x12h\x14h\x15h\x14ub\x86\x94\x8c\x04arg3\x94h\nh\x1ch\x0e\x86\x94R\x94}\x94(h\x12h\x14h\x15h\x14ub\x86\x94e\x8c\rdocumentation\x94\x8c\xca\n    A function which takes three arguments, but type is not specified.\n\n    args 1 and 2 should be integers, which are added, arg3 is a string \n\n    A clone of args_notype but returns json string.\n    \x94\x8c\x04name\x94\x8c\x11args_notype_clone\x94u.'
{'PORT': 35557, 'status': 'SUCCESS'}
{'no_args': {'data': {'uuid': 'f2b8484d-7196-4d27-90b4-df4ee7af06ac', 'name': 'no_args', 'ui_args': {}, 'documentation': '\n    A functiont that returns some kind of string\n    ', 'parameters': []}, 'func': <function no_args at 0x10454e048>}, 'args_notype_clone': {'data': {'uuid': 'f2b8484d-7196-4d27-90b4-df4ee7af06ac', 'name': 'args_notype_clone', 'ui_args': {}, 'documentation': '\n    A function which takes three arguments, but type is not specified.\n\n    args 1 and 2 should be integers, which are added, arg3 is a string \n\n    A clone of args_notype but returns json string.\n    ', 'parameters': [('arg1', <Parameter "arg1">), ('arg2', <Parameter "arg2">), ('arg3', <Parameter "arg3">)]}, 'func': <function args_notype_clone at 0x10454e510>}, 'str_args': {'data': {'uuid': 'f2b8484d-7196-4d27-90b4-df4ee7af06ac', 'name': 'str_args', 'ui_args': {}, 'documentation': '\n    A function which puts an int and a string into a string\n    ', 'parameters': [('mystr', <Parameter "mystr:str">), ('myint', <Parameter "myint:int">)]}, 'func': <function str_args at 0x10454e1e0>}, 'square': {'data': {'uuid': 'f2b8484d-7196-4d27-90b4-df4ee7af06ac', 'name': 'square', 'ui_args': {'x': {'var': 'x', 'min_range': -25, 'type': 'slider', 'max_range': 25}}, 'documentation': '\n    takes a floating point input, returns the square of that input\n    ', 'parameters': [('x', <Parameter "x:float">)]}, 'func': <function square at 0x1037641e0>}, 'args_notype': {'data': {'uuid': 'f2b8484d-7196-4d27-90b4-df4ee7af06ac', 'name': 'args_notype', 'ui_args': {}, 'documentation': '\n    A function which takes three arguments, but type is not specified.\n\n    args 1 and 2 should be integers, which are added, arg3 is a string \n    ', 'parameters': [('arg1', <Parameter "arg1">), ('arg2', <Parameter "arg2">), ('arg3', <Parameter "arg3">)]}, 'func': <function args_notype at 0x10454e378>}}
********************************************************************************
ui_args: ()
ui_kwargs: {}
IS THREAD RUNNING:  <Thread(Thread-1, started 4367323136)>
FUNCTION: hard_func
SENDING:  {'uuid': 'f2b8484d-7196-4d27-90b4-df4ee7af06ac', 'ui_args': {}, 'parameters': [('arg1', <Parameter "arg1">), ('arg2', <Parameter "arg2">), ('default1', <Parameter "default1='Fanny'">), ('default2', <Parameter "default2:int=19">), ('args', <Parameter "*args">), ('kwargs', <Parameter "**kwargs">)], 'documentation': "\n    A complicated function signature with list-type arguments, named arguments,\n    default arguments, and keyword arguments. Yikes!!! There's even partial\n    annotation.\n    ", 'name': 'hard_func'} AS:  b'\x80\x04\x95c\x02\x00\x00\x00\x00\x00\x00}\x94(\x8c\x04uuid\x94\x8c$f2b8484d-7196-4d27-90b4-df4ee7af06ac\x94\x8c\x07ui_args\x94}\x94\x8c\nparameters\x94]\x94(\x8c\x04arg1\x94\x8c\x07inspect\x94\x8c\tParameter\x94\x93\x94h\x07h\x08\x8c\x0e_ParameterKind\x94\x93\x94K\x01\x85\x94R\x94\x86\x94R\x94}\x94(\x8c\x08_default\x94h\x08\x8c\x06_empty\x94\x93\x94\x8c\x0b_annotation\x94h\x14ub\x86\x94\x8c\x04arg2\x94h\nh\x17h\x0e\x86\x94R\x94}\x94(h\x12h\x14h\x15h\x14ub\x86\x94\x8c\x08default1\x94h\nh\x1ch\x0e\x86\x94R\x94}\x94(h\x12\x8c\x05Fanny\x94h\x15h\x14ub\x86\x94\x8c\x08default2\x94h\nh"h\x0e\x86\x94R\x94}\x94(h\x12K\x13h\x15\x8c\x08builtins\x94\x8c\x03int\x94\x93\x94ub\x86\x94\x8c\x04args\x94h\nh*h\x0cK\x02\x85\x94R\x94\x86\x94R\x94}\x94(h\x12h\x14h\x15h\x14ub\x86\x94\x8c\x06kwargs\x94h\nh1h\x0cK\x04\x85\x94R\x94\x86\x94R\x94}\x94(h\x12h\x14h\x15h\x14ub\x86\x94e\x8c\rdocumentation\x94\x8c\xb1\n    A complicated function signature with list-type arguments, named arguments,\n    default arguments, and keyword arguments. Yikes!!! There\'s even partial\n    annotation.\n    \x94\x8c\x04name\x94\x8c\thard_func\x94u.'
{'PORT': 35557, 'status': 'SUCCESS'}
{'no_args': {'data': {'uuid': 'f2b8484d-7196-4d27-90b4-df4ee7af06ac', 'name': 'no_args', 'ui_args': {}, 'documentation': '\n    A functiont that returns some kind of string\n    ', 'parameters': []}, 'func': <function no_args at 0x10454e048>}, 'str_args': {'data': {'uuid': 'f2b8484d-7196-4d27-90b4-df4ee7af06ac', 'name': 'str_args', 'ui_args': {}, 'documentation': '\n    A function which puts an int and a string into a string\n    ', 'parameters': [('mystr', <Parameter "mystr:str">), ('myint', <Parameter "myint:int">)]}, 'func': <function str_args at 0x10454e1e0>}, 'square': {'data': {'uuid': 'f2b8484d-7196-4d27-90b4-df4ee7af06ac', 'name': 'square', 'ui_args': {'x': {'var': 'x', 'min_range': -25, 'type': 'slider', 'max_range': 25}}, 'documentation': '\n    takes a floating point input, returns the square of that input\n    ', 'parameters': [('x', <Parameter "x:float">)]}, 'func': <function square at 0x1037641e0>}, 'args_notype': {'data': {'uuid': 'f2b8484d-7196-4d27-90b4-df4ee7af06ac', 'name': 'args_notype', 'ui_args': {}, 'documentation': '\n    A function which takes three arguments, but type is not specified.\n\n    args 1 and 2 should be integers, which are added, arg3 is a string \n    ', 'parameters': [('arg1', <Parameter "arg1">), ('arg2', <Parameter "arg2">), ('arg3', <Parameter "arg3">)]}, 'func': <function args_notype at 0x10454e378>}, 'hard_func': {'data': {'uuid': 'f2b8484d-7196-4d27-90b4-df4ee7af06ac', 'name': 'hard_func', 'ui_args': {}, 'documentation': "\n    A complicated function signature with list-type arguments, named arguments,\n    default arguments, and keyword arguments. Yikes!!! There's even partial\n    annotation.\n    ", 'parameters': [('arg1', <Parameter "arg1">), ('arg2', <Parameter "arg2">), ('default1', <Parameter "default1='Fanny'">), ('default2', <Parameter "default2:int=19">), ('args', <Parameter "*args">), ('kwargs', <Parameter "**kwargs">)]}, 'func': <function hard_func at 0x10454e6a8>}, 'args_notype_clone': {'data': {'uuid': 'f2b8484d-7196-4d27-90b4-df4ee7af06ac', 'name': 'args_notype_clone', 'ui_args': {}, 'documentation': '\n    A function which takes three arguments, but type is not specified.\n\n    args 1 and 2 should be integers, which are added, arg3 is a string \n\n    A clone of args_notype but returns json string.\n    ', 'parameters': [('arg1', <Parameter "arg1">), ('arg2', <Parameter "arg2">), ('arg3', <Parameter "arg3">)]}, 'func': <function args_notype_clone at 0x10454e510>}}
********************************************************************************
ui_args: ()
ui_kwargs: {}
IS THREAD RUNNING:  <Thread(Thread-1, started 4367323136)>
FUNCTION: arbitrary_func
SENDING:  {'uuid': 'f2b8484d-7196-4d27-90b4-df4ee7af06ac', 'ui_args': {}, 'parameters': [('args', <Parameter "*args">), ('kwargs', <Parameter "**kwargs">)], 'documentation': ' \n    A function that takes an arbitrary list of named and unnamed arguments\n\n    The author should probably document somewhere what to use\n\n    Note that order of args and kwargs matters, therefore, order should be maintained no matter what.\n    ', 'name': 'arbitrary_func'} AS:  b'\x80\x04\x95\t\x02\x00\x00\x00\x00\x00\x00}\x94(\x8c\x04uuid\x94\x8c$f2b8484d-7196-4d27-90b4-df4ee7af06ac\x94\x8c\x07ui_args\x94}\x94\x8c\nparameters\x94]\x94(\x8c\x04args\x94\x8c\x07inspect\x94\x8c\tParameter\x94\x93\x94h\x07h\x08\x8c\x0e_ParameterKind\x94\x93\x94K\x02\x85\x94R\x94\x86\x94R\x94}\x94(\x8c\x08_default\x94h\x08\x8c\x06_empty\x94\x93\x94\x8c\x0b_annotation\x94h\x14ub\x86\x94\x8c\x06kwargs\x94h\nh\x17h\x0cK\x04\x85\x94R\x94\x86\x94R\x94}\x94(h\x12h\x14h\x15h\x14ub\x86\x94e\x8c\rdocumentation\x94\x8c\xf7 \n    A function that takes an arbitrary list of named and unnamed arguments\n\n    The author should probably document somewhere what to use\n\n    Note that order of args and kwargs matters, therefore, order should be maintained no matter what.\n    \x94\x8c\x04name\x94\x8c\x0earbitrary_func\x94u.'
{'PORT': 35557, 'status': 'SUCCESS'}
{'no_args': {'data': {'uuid': 'f2b8484d-7196-4d27-90b4-df4ee7af06ac', 'name': 'no_args', 'ui_args': {}, 'documentation': '\n    A functiont that returns some kind of string\n    ', 'parameters': []}, 'func': <function no_args at 0x10454e048>}, 'arbitrary_func': {'data': {'uuid': 'f2b8484d-7196-4d27-90b4-df4ee7af06ac', 'name': 'arbitrary_func', 'ui_args': {}, 'documentation': ' \n    A function that takes an arbitrary list of named and unnamed arguments\n\n    The author should probably document somewhere what to use\n\n    Note that order of args and kwargs matters, therefore, order should be maintained no matter what.\n    ', 'parameters': [('args', <Parameter "*args">), ('kwargs', <Parameter "**kwargs">)]}, 'func': <function arbitrary_func at 0x10454e840>}, 'str_args': {'data': {'uuid': 'f2b8484d-7196-4d27-90b4-df4ee7af06ac', 'name': 'str_args', 'ui_args': {}, 'documentation': '\n    A function which puts an int and a string into a string\n    ', 'parameters': [('mystr', <Parameter "mystr:str">), ('myint', <Parameter "myint:int">)]}, 'func': <function str_args at 0x10454e1e0>}, 'square': {'data': {'uuid': 'f2b8484d-7196-4d27-90b4-df4ee7af06ac', 'name': 'square', 'ui_args': {'x': {'var': 'x', 'min_range': -25, 'type': 'slider', 'max_range': 25}}, 'documentation': '\n    takes a floating point input, returns the square of that input\n    ', 'parameters': [('x', <Parameter "x:float">)]}, 'func': <function square at 0x1037641e0>}, 'args_notype': {'data': {'uuid': 'f2b8484d-7196-4d27-90b4-df4ee7af06ac', 'name': 'args_notype', 'ui_args': {}, 'documentation': '\n    A function which takes three arguments, but type is not specified.\n\n    args 1 and 2 should be integers, which are added, arg3 is a string \n    ', 'parameters': [('arg1', <Parameter "arg1">), ('arg2', <Parameter "arg2">), ('arg3', <Parameter "arg3">)]}, 'func': <function args_notype at 0x10454e378>}, 'hard_func': {'data': {'uuid': 'f2b8484d-7196-4d27-90b4-df4ee7af06ac', 'name': 'hard_func', 'ui_args': {}, 'documentation': "\n    A complicated function signature with list-type arguments, named arguments,\n    default arguments, and keyword arguments. Yikes!!! There's even partial\n    annotation.\n    ", 'parameters': [('arg1', <Parameter "arg1">), ('arg2', <Parameter "arg2">), ('default1', <Parameter "default1='Fanny'">), ('default2', <Parameter "default2:int=19">), ('args', <Parameter "*args">), ('kwargs', <Parameter "**kwargs">)]}, 'func': <function hard_func at 0x10454e6a8>}, 'args_notype_clone': {'data': {'uuid': 'f2b8484d-7196-4d27-90b4-df4ee7af06ac', 'name': 'args_notype_clone', 'ui_args': {}, 'documentation': '\n    A function which takes three arguments, but type is not specified.\n\n    args 1 and 2 should be integers, which are added, arg3 is a string \n\n    A clone of args_notype but returns json string.\n    ', 'parameters': [('arg1', <Parameter "arg1">), ('arg2', <Parameter "arg2">), ('arg3', <Parameter "arg3">)]}, 'func': <function args_notype_clone at 0x10454e510>}}
================================================================================
Test 1: a module with no arguments
================================================================================
Test 2: a module with float arguments
100.0
================================================================================
Test 3: a module with two arguments that are string and int
Hi there Jillywanker, you earned 147 schmeckles
================================================================================
Test 4: a module with arguments that do not specifiy type, and returns a python dict object
{'arg1': 1, 'arg3': 'Mr. Dingleberry', 'result': '1 + 2 = 3, says Mr. Mr. Dingleberry', 'arg_list': [1, 2, 'Mr. Dingleberry'], 'arg2': 2}
================================================================================
Test 5: a module with arguments that do not specifiy type, and returns json str
{"arg1": 1, "arg3": "Mrs. Dingleberry", "result": "1 + 2 = 3, says Mr. Mrs. Dingleberry", "arg_list": [1, 2, "Mrs. Dingleberry"], "arg2": 2}
================================================================================
Test 6: args and kwargs in functions
number of args:4, number of kwargs2
================================================================================
Test 7: a particularly complex signature
Hi there happy, you earned gilmore schmeckles
